{"sessionId": "d29637", "runId": "pre-fix", "hypothesisId": "B", "location": "visibility_experiment.py:init_gl", "message": "gl init", "data": {"width": 1920, "height": 1080, "monitor_hz": 180.0, "window_mode": false, "swap_interval": 1}, "timestamp": 1789096146786}
{"sessionId": "d29637", "runId": "pre-fix", "hypothesisId": "E", "location": "visibility_experiment.py:load_texture_from_path", "message": "loaded png", "data": {"path": "nagaoka_fireworks_16_normalB.png", "shape": [1080, 1920, 3], "mean": 73.37949588477366, "sum": 456479168, "resized_to": [1920, 1080]}, "timestamp": 1789096151807}
{"sessionId": "d29637", "runId": "pre-fix", "hypothesisId": "E", "location": "visibility_experiment.py:load_texture_from_path", "message": "loaded png", "data": {"path": "nagaoka_fireworks_16_invB.png", "shape": [1080, 1920, 3], "mean": 75.1631841563786, "sum": 467575136, "resized_to": [1920, 1080]}, "timestamp": 1789096151833}
{"sessionId": "d29637", "runId": "pre-fix", "hypothesisId": "E", "location": "visibility_experiment.py:_ensure_pair", "message": "png pixel diff", "data": {"normal": "nagaoka_fireworks_16_normalB.png", "inv": "nagaoka_fireworks_16_invB.png", "max_abs": 32, "mean_abs": 1.7836882716049383, "normal_tex": 4, "inv_tex": 5}, "timestamp": 1789096151887}
{"sessionId": "d29637", "runId": "pre-fix", "hypothesisId": "A", "location": "visibility_experiment.py:_present_frames", "message": "pair ids", "data": {"normal_tex": 4, "inv_tex": 5, "same_id": false, "n_frames": 900, "type_name": "tuple"}, "timestamp": 1789096152883}
{"sessionId": "d29637", "runId": "pre-fix", "hypothesisId": "D", "location": "visibility_experiment.py:_present_texture", "message": "after draw", "data": {"tex": 4, "glError": 0}, "timestamp": 1789096152884}
{"sessionId": "d29637", "runId": "pre-fix", "hypothesisId": "D", "location": "visibility_experiment.py:_present_texture", "message": "after draw", "data": {"tex": 5, "glError": 0}, "timestamp": 1789096152890}
{"sessionId": "d29637", "runId": "pre-fix", "hypothesisId": "D", "location": "visibility_experiment.py:_present_texture", "message": "after draw", "data": {"tex": 4, "glError": 0}, "timestamp": 1789096152895}
{"sessionId": "d29637", "runId": "pre-fix", "hypothesisId": "D", "location": "visibility_experiment.py:_present_texture", "message": "after draw", "data": {"tex": 5, "glError": 0}, "timestamp": 1789096152900}
{"sessionId": "d29637", "runId": "pre-fix", "hypothesisId": "B", "location": "visibility_experiment.py:_present_frames", "message": "measured present hz", "data": {"hz": 183.09664024243958, "elapsed_s": 0.32769579999148846, "measure_n": 60, "monitor_hz": 180.0}, "timestamp": 1789096153211}
{"sessionId": "d29637", "runId": "pre-fix", "hypothesisId": "C", "location": "visibility_experiment.py:_present_frames", "message": "stim finished", "data": {"first_choices": [{"f": 0, "tex": 4, "branch": "normal"}, {"f": 1, "tex": 5, "branch": "inv"}, {"f": 2, "tex": 4, "branch": "normal"}, {"f": 3, "tex": 5, "branch": "inv"}, {"f": 4, "tex": 4, "branch": "normal"}, {"f": 5, "tex": 5, "branch": "inv"}, {"f": 6, "tex": 4, "branch": "normal"}, {"f": 7, "tex": 5, "branch": "inv"}], "total_frames": 900, "wall_s": 4.994711299979826, "unique_tex_in_first8": [4, 5]}, "timestamp": 1789096157878}
{"sessionId": "d29637", "runId": "pre-fix", "hypothesisId": "E", "location": "visibility_experiment.py:load_texture_from_path", "message": "loaded png", "data": {"path": "rice_16_normalB.png", "shape": [1080, 1920, 3], "mean": 133.89653452932097, "sum": 832943562, "resized_to": [1920, 1080]}, "timestamp": 1789096159815}
{"sessionId": "d29637", "runId": "pre-fix", "hypothesisId": "E", "location": "visibility_experiment.py:load_texture_from_path", "message": "loaded png", "data": {"path": "rice_16_invB.png", "shape": [1080, 1920, 3], "mean": 135.68022280092592, "sum": 844039530, "resized_to": [1920, 1080]}, "timestamp": 1789096159846}
{"sessionId": "d29637", "runId": "pre-fix", "hypothesisId": "E", "location": "visibility_experiment.py:_ensure_pair", "message": "png pixel diff", "data": {"normal": "rice_16_normalB.png", "inv": "rice_16_invB.png", "max_abs": 32, "mean_abs": 1.7836882716049383, "normal_tex": 6, "inv_tex": 7}, "timestamp": 1789096159912}
{"sessionId": "d29637", "runId": "pre-fix", "hypothesisId": "A", "location": "visibility_experiment.py:_present_frames", "message": "pair ids", "data": {"normal_tex": 6, "inv_tex": 7, "same_id": false, "n_frames": 900, "type_name": "tuple"}, "timestamp": 1789096160908}
{"sessionId": "d29637", "runId": "pre-fix", "hypothesisId": "D", "location": "visibility_experiment.py:_present_texture", "message": "after draw", "data": {"tex": 6, "glError": 0}, "timestamp": 1789096160909}
{"sessionId": "d29637", "runId": "pre-fix", "hypothesisId": "D", "location": "visibility_experiment.py:_present_texture", "message": "after draw", "data": {"tex": 7, "glError": 0}, "timestamp": 1789096160912}
{"sessionId": "d29637", "runId": "pre-fix", "hypothesisId": "D", "location": "visibility_experiment.py:_present_texture", "message": "after draw", "data": {"tex": 6, "glError": 0}, "timestamp": 1789096160918}
{"sessionId": "d29637", "runId": "pre-fix", "hypothesisId": "D", "location": "visibility_experiment.py:_present_texture", "message": "after draw", "data": {"tex": 7, "glError": 0}, "timestamp": 1789096160923}
{"sessionId": "d29637", "runId": "pre-fix", "hypothesisId": "C", "location": "visibility_experiment.py:_present_frames", "message": "stim finished", "data": {"first_choices": [{"f": 0, "tex": 6, "branch": "normal"}, {"f": 1, "tex": 7, "branch": "inv"}, {"f": 2, "tex": 6, "branch": "normal"}, {"f": 3, "tex": 7, "branch": "inv"}, {"f": 4, "tex": 6, "branch": "normal"}, {"f": 5, "tex": 7, "branch": "inv"}, {"f": 6, "tex": 6, "branch": "normal"}, {"f": 7, "tex": 7, "branch": "inv"}], "total_frames": 900, "wall_s": 4.992406600009417, "unique_tex_in_first8": [6, 7]}, "timestamp": 1789096165901}
{"sessionId": "d29637", "runId": "pre-fix", "hypothesisId": "E", "location": "visibility_experiment.py:load_texture_from_path", "message": "loaded png", "data": {"path": "ex_16_normalG.png", "shape": [1080, 1920, 3], "mean": 129.23859519675926, "sum": 803967453, "resized_to": [1920, 1080]}, "timestamp": 1789096166542}
{"sessionId": "d29637", "runId": "pre-fix", "hypothesisId": "E", "location": "visibility_experiment.py:load_texture_from_path", "message": "loaded png", "data": {"path": "ex_16_invG.png", "shape": [1080, 1920, 3], "mean": 131.0222834683642, "sum": 815063421, "resized_to": [1920, 1080]}, "timestamp": 1789096166574}
{"sessionId": "d29637", "runId": "pre-fix", "hypothesisId": "E", "location": "visibility_experiment.py:_ensure_pair", "message": "png pixel diff", "data": {"normal": "ex_16_normalG.png", "inv": "ex_16_invG.png", "max_abs": 32, "mean_abs": 1.7836882716049383, "normal_tex": 8, "inv_tex": 9}, "timestamp": 1789096166642}
{"sessionId": "d29637", "runId": "pre-fix", "hypothesisId": "A", "location": "visibility_experiment.py:_present_frames", "message": "pair ids", "data": {"normal_tex": 8, "inv_tex": 9, "same_id": false, "n_frames": 900, "type_name": "tuple"}, "timestamp": 1789096167640}
{"sessionId": "d29637", "runId": "pre-fix", "hypothesisId": "D", "location": "visibility_experiment.py:_present_texture", "message": "after draw", "data": {"tex": 8, "glError": 0}, "timestamp": 1789096167641}
{"sessionId": "d29637", "runId": "pre-fix", "hypothesisId": "D", "location": "visibility_experiment.py:_present_texture", "message": "after draw", "data": {"tex": 9, "glError": 0}, "timestamp": 1789096167647}
{"sessionId": "d29637", "runId": "pre-fix", "hypothesisId": "D", "location": "visibility_experiment.py:_present_texture", "message": "after draw", "data": {"tex": 8, "glError": 0}, "timestamp": 1789096167651}
{"sessionId": "d29637", "runId": "pre-fix", "hypothesisId": "D", "location": "visibility_experiment.py:_present_texture", "message": "after draw", "data": {"tex": 9, "glError": 0}, "timestamp": 1789096167657}
{"sessionId": "d29637", "runId": "pre-fix", "hypothesisId": "C", "location": "visibility_experiment.py:_present_frames", "message": "stim finished", "data": {"first_choices": [{"f": 0, "tex": 8, "branch": "normal"}, {"f": 1, "tex": 9, "branch": "inv"}, {"f": 2, "tex": 8, "branch": "normal"}, {"f": 3, "tex": 9, "branch": "inv"}, {"f": 4, "tex": 8, "branch": "normal"}, {"f": 5, "tex": 9, "branch": "inv"}, {"f": 6, "tex": 8, "branch": "normal"}, {"f": 7, "tex": 9, "branch": "inv"}], "total_frames": 900, "wall_s": 4.994299400015734, "unique_tex_in_first8": [8, 9]}, "timestamp": 1789096172634}
{"sessionId": "d29637", "runId": "pre-fix", "hypothesisId": "E", "location": "visibility_experiment.py:load_texture_from_path", "message": "loaded png", "data": {"path": "hocho_12_normalG.png", "shape": [1080, 1920, 3], "mean": 82.95326019161523, "sum": 516035641, "resized_to": [1920, 1080]}, "timestamp": 1789096173067}
{"sessionId": "d29637", "runId": "pre-fix", "hypothesisId": "E", "location": "visibility_experiment.py:load_texture_from_path", "message": "loaded png", "data": {"path": "hocho_12_invG.png", "shape": [1080, 1920, 3], "mean": 84.29102639531892, "sum": 524357617, "resized_to": [1920, 1080]}, "timestamp": 1789096173099}
{"sessionId": "d29637", "runId": "pre-fix", "hypothesisId": "E", "location": "visibility_experiment.py:_ensure_pair", "message": "png pixel diff", "data": {"normal": "hocho_12_normalG.png", "inv": "hocho_12_invG.png", "max_abs": 24, "mean_abs": 1.3377662037037037, "normal_tex": 10, "inv_tex": 11}, "timestamp": 1789096173165}
{"sessionId": "d29637", "runId": "pre-fix", "hypothesisId": "A", "location": "visibility_experiment.py:_present_frames", "message": "pair ids", "data": {"normal_tex": 10, "inv_tex": 11, "same_id": false, "n_frames": 900, "type_name": "tuple"}, "timestamp": 1789096174165}
{"sessionId": "d29637", "runId": "pre-fix", "hypothesisId": "D", "location": "visibility_experiment.py:_present_texture", "message": "after draw", "data": {"tex": 10, "glError": 0}, "timestamp": 1789096174166}
{"sessionId": "d29637", "runId": "pre-fix", "hypothesisId": "D", "location": "visibility_experiment.py:_present_texture", "message": "after draw", "data": {"tex": 11, "glError": 0}, "timestamp": 1789096174168}
{"sessionId": "d29637", "runId": "pre-fix", "hypothesisId": "D", "location": "visibility_experiment.py:_present_texture", "message": "after draw", "data": {"tex": 10, "glError": 0}, "timestamp": 1789096174174}
{"sessionId": "d29637", "runId": "pre-fix", "hypothesisId": "D", "location": "visibility_experiment.py:_present_texture", "message": "after draw", "data": {"tex": 11, "glError": 0}, "timestamp": 1789096174179}
