{"sessionId": "d29637", "runId": "pre-fix", "hypothesisId": "B", "location": "visibility_experiment.py:init_gl", "message": "gl init", "data": {"width": 1920, "height": 1080, "monitor_hz": 180.0, "window_mode": false, "swap_interval": 1}, "timestamp": 1789096146786}
{"sessionId": "d29637", "runId": "pre-fix", "hypothesisId": "E", "location": "visibility_experiment.py:load_texture_from_path", "message": "loaded png", "data": {"path": "nagaoka_fireworks_16_normalB.png", "shape": [1080, 1920, 3], "mean": 73.37949588477366, "sum": 456479168, "resized_to": [1920, 1080]}, "timestamp": 1789096151807}
{"sessionId": "d29637", "runId": "pre-fix", "hypothesisId": "E", "location": "visibility_experiment.py:load_texture_from_path", "message": "loaded png", "data": {"path": "nagaoka_fireworks_16_invB.png", "shape": [1080, 1920, 3], "mean": 75.1631841563786, "sum": 467575136, "resized_to": [1920, 1080]}, "timestamp": 1789096151833}
{"sessionId": "d29637", "runId": "pre-fix", "hypothesisId": "E", "location": "visibility_experiment.py:_ensure_pair", "message": "png pixel diff", "data": {"normal": "nagaoka_fireworks_16_normalB.png", "inv": "nagaoka_fireworks_16_invB.png", "max_abs": 32, "mean_abs": 1.7836882716049383, "normal_tex": 4, "inv_tex": 5}, "timestamp": 1789096151887}
{"sessionId": "d29637", "runId": "pre-fix", "hypothesisId": "A", "location": "visibility_experiment.py:_present_frames", "message": "pair ids", "data": {"normal_tex": 4, "inv_tex": 5, "same_id": false, "n_frames": 900, "type_name": "tuple"}, "timestamp": 1789096152883}
{"sessionId": "d29637", "runId": "pre-fix", "hypothesisId": "D", "location": "visibility_experiment.py:_present_texture", "message": "after draw", "data": {"tex": 4, "glError": 0}, "timestamp": 1789096152884}
{"sessionId": "d29637", "runId": "pre-fix", "hypothesisId": "D", "location": "visibility_experiment.py:_present_texture", "message": "after draw", "data": {"tex": 5, "glError": 0}, "timestamp": 1789096152890}
{"sessionId": "d29637", "runId": "pre-fix", "hypothesisId": "D", "location": "visibility_experiment.py:_present_texture", "message": "after draw", "data": {"tex": 4, "glError": 0}, "timestamp": 1789096152895}
{"sessionId": "d29637", "runId": "pre-fix", "hypothesisId": "D", "location": "visibility_experiment.py:_present_texture", "message": "after draw", "data": {"tex": 5, "glError": 0}, "timestamp": 1789096152900}
{"sessionId": "d29637", "runId": "pre-fix", "hypothesisId": "B", "location": "visibility_experiment.py:_present_frames", "message": "measured present hz", "data": {"hz": 183.09664024243958, "elapsed_s": 0.32769579999148846, "measure_n": 60, "monitor_hz": 180.0}, "timestamp": 1789096153211}
{"sessionId": "d29637", "runId": "pre-fix", "hypothesisId": "C", "location": "visibility_experiment.py:_present_frames", "message": "stim finished", "data": {"first_choices": [{"f": 0, "tex": 4, "branch": "normal"}, {"f": 1, "tex": 5, "branch": "inv"}, {"f": 2, "tex": 4, "branch": "normal"}, {"f": 3, "tex": 5, "branch": "inv"}, {"f": 4, "tex": 4, "branch": "normal"}, {"f": 5, "tex": 5, "branch": "inv"}, {"f": 6, "tex": 4, "branch": "normal"}, {"f": 7, "tex": 5, "branch": "inv"}], "total_frames": 900, "wall_s": 4.994711299979826, "unique_tex_in_first8": [4, 5]}, "timestamp": 1789096157878}
{"sessionId": "d29637", "runId": "pre-fix", "hypothesisId": "E", "location": "visibility_experiment.py:load_texture_from_path", "message": "loaded png", "data": {"path": "rice_16_normalB.png", "shape": [1080, 1920, 3], "mean": 133.89653452932097, "sum": 832943562, "resized_to": [1920, 1080]}, "timestamp": 1789096159815}
{"sessionId": "d29637", "runId": "pre-fix", "hypothesisId": "E", "location": "visibility_experiment.py:load_texture_from_path", "message": "loaded png", "data": {"path": "rice_16_invB.png", "shape": [1080, 1920, 3], "mean": 135.68022280092592, "sum": 844039530, "resized_to": [1920, 1080]}, "timestamp": 1789096159846}
{"sessionId": "d29637", "runId": "pre-fix", "hypothesisId": "E", "location": "visibility_experiment.py:_ensure_pair", "message": "png pixel diff", "data": {"normal": "rice_16_normalB.png", "inv": "rice_16_invB.png", "max_abs": 32, "mean_abs": 1.7836882716049383, "normal_tex": 6, "inv_tex": 7}, "timestamp": 1789096159912}
{"sessionId": "d29637", "runId": "pre-fix", "hypothesisId": "A", "location": "visibility_experiment.py:_present_frames", "message": "pair ids", "data": {"normal_tex": 6, "inv_tex": 7, "same_id": false, "n_frames": 900, "type_name": "tuple"}, "timestamp": 1789096160908}
{"sessionId": "d29637", "runId": "pre-fix", "hypothesisId": "D", "location": "visibility_experiment.py:_present_texture", "message": "after draw", "data": {"tex": 6, "glError": 0}, "timestamp": 1789096160909}
{"sessionId": "d29637", "runId": "pre-fix", "hypothesisId": "D", "location": "visibility_experiment.py:_present_texture", "message": "after draw", "data": {"tex": 7, "glError": 0}, "timestamp": 1789096160912}
{"sessionId": "d29637", "runId": "pre-fix", "hypothesisId": "D", "location": "visibility_experiment.py:_present_texture", "message": "after draw", "data": {"tex": 6, "glError": 0}, "timestamp": 1789096160918}
{"sessionId": "d29637", "runId": "pre-fix", "hypothesisId": "D", "location": "visibility_experiment.py:_present_texture", "message": "after draw", "data": {"tex": 7, "glError": 0}, "timestamp": 1789096160923}
{"sessionId": "d29637", "runId": "pre-fix", "hypothesisId": "C", "location": "visibility_experiment.py:_present_frames", "message": "stim finished", "data": {"first_choices": [{"f": 0, "tex": 6, "branch": "normal"}, {"f": 1, "tex": 7, "branch": "inv"}, {"f": 2, "tex": 6, "branch": "normal"}, {"f": 3, "tex": 7, "branch": "inv"}, {"f": 4, "tex": 6, "branch": "normal"}, {"f": 5, "tex": 7, "branch": "inv"}, {"f": 6, "tex": 6, "branch": "normal"}, {"f": 7, "tex": 7, "branch": "inv"}], "total_frames": 900, "wall_s": 4.992406600009417, "unique_tex_in_first8": [6, 7]}, "timestamp": 1789096165901}
{"sessionId": "d29637", "runId": "pre-fix", "hypothesisId": "E", "location": "visibility_experiment.py:load_texture_from_path", "message": "loaded png", "data": {"path": "ex_16_normalG.png", "shape": [1080, 1920, 3], "mean": 129.23859519675926, "sum": 803967453, "resized_to": [1920, 1080]}, "timestamp": 1789096166542}
{"sessionId": "d29637", "runId": "pre-fix", "hypothesisId": "E", "location": "visibility_experiment.py:load_texture_from_path", "message": "loaded png", "data": {"path": "ex_16_invG.png", "shape": [1080, 1920, 3], "mean": 131.0222834683642, "sum": 815063421, "resized_to": [1920, 1080]}, "timestamp": 1789096166574}
{"sessionId": "d29637", "runId": "pre-fix", "hypothesisId": "E", "location": "visibility_experiment.py:_ensure_pair", "message": "png pixel diff", "data": {"normal": "ex_16_normalG.png", "inv": "ex_16_invG.png", "max_abs": 32, "mean_abs": 1.7836882716049383, "normal_tex": 8, "inv_tex": 9}, "timestamp": 1789096166642}
{"sessionId": "d29637", "runId": "pre-fix", "hypothesisId": "A", "location": "visibility_experiment.py:_present_frames", "message": "pair ids", "data": {"normal_tex": 8, "inv_tex": 9, "same_id": false, "n_frames": 900, "type_name": "tuple"}, "timestamp": 1789096167640}
{"sessionId": "d29637", "runId": "pre-fix", "hypothesisId": "D", "location": "visibility_experiment.py:_present_texture", "message": "after draw", "data": {"tex": 8, "glError": 0}, "timestamp": 1789096167641}
{"sessionId": "d29637", "runId": "pre-fix", "hypothesisId": "D", "location": "visibility_experiment.py:_present_texture", "message": "after draw", "data": {"tex": 9, "glError": 0}, "timestamp": 1789096167647}
{"sessionId": "d29637", "runId": "pre-fix", "hypothesisId": "D", "location": "visibility_experiment.py:_present_texture", "message": "after draw", "data": {"tex": 8, "glError": 0}, "timestamp": 1789096167651}
{"sessionId": "d29637", "runId": "pre-fix", "hypothesisId": "D", "location": "visibility_experiment.py:_present_texture", "message": "after draw", "data": {"tex": 9, "glError": 0}, "timestamp": 1789096167657}
{"sessionId": "d29637", "runId": "pre-fix", "hypothesisId": "C", "location": "visibility_experiment.py:_present_frames", "message": "stim finished", "data": {"first_choices": [{"f": 0, "tex": 8, "branch": "normal"}, {"f": 1, "tex": 9, "branch": "inv"}, {"f": 2, "tex": 8, "branch": "normal"}, {"f": 3, "tex": 9, "branch": "inv"}, {"f": 4, "tex": 8, "branch": "normal"}, {"f": 5, "tex": 9, "branch": "inv"}, {"f": 6, "tex": 8, "branch": "normal"}, {"f": 7, "tex": 9, "branch": "inv"}], "total_frames": 900, "wall_s": 4.994299400015734, "unique_tex_in_first8": [8, 9]}, "timestamp": 1789096172634}
{"sessionId": "d29637", "runId": "pre-fix", "hypothesisId": "E", "location": "visibility_experiment.py:load_texture_from_path", "message": "loaded png", "data": {"path": "hocho_12_normalG.png", "shape": [1080, 1920, 3], "mean": 82.95326019161523, "sum": 516035641, "resized_to": [1920, 1080]}, "timestamp": 1789096173067}
{"sessionId": "d29637", "runId": "pre-fix", "hypothesisId": "E", "location": "visibility_experiment.py:load_texture_from_path", "message": "loaded png", "data": {"path": "hocho_12_invG.png", "shape": [1080, 1920, 3], "mean": 84.29102639531892, "sum": 524357617, "resized_to": [1920, 1080]}, "timestamp": 1789096173099}
{"sessionId": "d29637", "runId": "pre-fix", "hypothesisId": "E", "location": "visibility_experiment.py:_ensure_pair", "message": "png pixel diff", "data": {"normal": "hocho_12_normalG.png", "inv": "hocho_12_invG.png", "max_abs": 24, "mean_abs": 1.3377662037037037, "normal_tex": 10, "inv_tex": 11}, "timestamp": 1789096173165}
{"sessionId": "d29637", "runId": "pre-fix", "hypothesisId": "A", "location": "visibility_experiment.py:_present_frames", "message": "pair ids", "data": {"normal_tex": 10, "inv_tex": 11, "same_id": false, "n_frames": 900, "type_name": "tuple"}, "timestamp": 1789096174165}
{"sessionId": "d29637", "runId": "pre-fix", "hypothesisId": "D", "location": "visibility_experiment.py:_present_texture", "message": "after draw", "data": {"tex": 10, "glError": 0}, "timestamp": 1789096174166}
{"sessionId": "d29637", "runId": "pre-fix", "hypothesisId": "D", "location": "visibility_experiment.py:_present_texture", "message": "after draw", "data": {"tex": 11, "glError": 0}, "timestamp": 1789096174168}
{"sessionId": "d29637", "runId": "pre-fix", "hypothesisId": "D", "location": "visibility_experiment.py:_present_texture", "message": "after draw", "data": {"tex": 10, "glError": 0}, "timestamp": 1789096174174}
{"sessionId": "d29637", "runId": "pre-fix", "hypothesisId": "D", "location": "visibility_experiment.py:_present_texture", "message": "after draw", "data": {"tex": 11, "glError": 0}, "timestamp": 1789096174179}
{"sessionId": "d29637", "runId": "pre-fix", "hypothesisId": "B", "location": "visibility_experiment.py:init_gl", "message": "gl init", "data": {"width": 1920, "height": 1080, "monitor_hz": 60.0, "window_mode": false, "swap_interval": 1}, "timestamp": 1789097362291}
{"sessionId": "d29637", "runId": "pre-fix", "hypothesisId": "E", "location": "visibility_experiment.py:load_texture_from_path", "message": "loaded png", "data": {"path": "hocho_12_normalG.png", "shape": [1080, 1920, 3], "mean": 82.95326019161523, "sum": 516035641, "resized_to": [1920, 1080]}, "timestamp": 1789097364959}
{"sessionId": "d29637", "runId": "pre-fix", "hypothesisId": "E", "location": "visibility_experiment.py:load_texture_from_path", "message": "loaded png", "data": {"path": "hocho_12_invG.png", "shape": [1080, 1920, 3], "mean": 84.29102639531892, "sum": 524357617, "resized_to": [1920, 1080]}, "timestamp": 1789097364993}
{"sessionId": "d29637", "runId": "pre-fix", "hypothesisId": "E", "location": "visibility_experiment.py:_ensure_pair", "message": "png pixel diff", "data": {"normal": "hocho_12_normalG.png", "inv": "hocho_12_invG.png", "max_abs": 24, "mean_abs": 1.3377662037037037, "normal_tex": 4, "inv_tex": 5}, "timestamp": 1789097365066}
{"sessionId": "d29637", "runId": "pre-fix", "hypothesisId": "A", "location": "visibility_experiment.py:_present_frames", "message": "pair ids", "data": {"normal_tex": 4, "inv_tex": 5, "same_id": false, "n_frames": 300, "type_name": "tuple"}, "timestamp": 1789097366024}
{"sessionId": "d29637", "runId": "pre-fix", "hypothesisId": "D", "location": "visibility_experiment.py:_present_texture", "message": "after draw", "data": {"tex": 4, "glError": 0}, "timestamp": 1789097366025}
{"sessionId": "d29637", "runId": "pre-fix", "hypothesisId": "D", "location": "visibility_experiment.py:_present_texture", "message": "after draw", "data": {"tex": 5, "glError": 0}, "timestamp": 1789097366043}
{"sessionId": "d29637", "runId": "pre-fix", "hypothesisId": "D", "location": "visibility_experiment.py:_present_texture", "message": "after draw", "data": {"tex": 4, "glError": 0}, "timestamp": 1789097366058}
{"sessionId": "d29637", "runId": "pre-fix", "hypothesisId": "D", "location": "visibility_experiment.py:_present_texture", "message": "after draw", "data": {"tex": 5, "glError": 0}, "timestamp": 1789097366074}
{"sessionId": "d29637", "runId": "pre-fix", "hypothesisId": "B", "location": "visibility_experiment.py:_present_frames", "message": "measured present hz", "data": {"hz": 61.000760171601925, "elapsed_s": 0.9835942999925464, "measure_n": 60, "monitor_hz": 60.0}, "timestamp": 1789097367007}
{"sessionId": "d29637", "runId": "pre-fix", "hypothesisId": "C", "location": "visibility_experiment.py:_present_frames", "message": "stim finished", "data": {"first_choices": [{"f": 0, "tex": 4, "branch": "normal"}, {"f": 1, "tex": 5, "branch": "inv"}, {"f": 2, "tex": 4, "branch": "normal"}, {"f": 3, "tex": 5, "branch": "inv"}, {"f": 4, "tex": 4, "branch": "normal"}, {"f": 5, "tex": 5, "branch": "inv"}, {"f": 6, "tex": 4, "branch": "normal"}, {"f": 7, "tex": 5, "branch": "inv"}], "total_frames": 300, "wall_s": 4.983883500011871, "unique_tex_in_first8": [4, 5]}, "timestamp": 1789097371008}
{"sessionId": "d29637", "runId": "pre-fix", "hypothesisId": "E", "location": "visibility_experiment.py:load_texture_from_path", "message": "loaded png", "data": {"path": "ex_16_normalB.png", "shape": [1080, 1920, 3], "mean": 129.23859519675926, "sum": 803967453, "resized_to": [1920, 1080]}, "timestamp": 1789097372391}
{"sessionId": "d29637", "runId": "pre-fix", "hypothesisId": "E", "location": "visibility_experiment.py:load_texture_from_path", "message": "loaded png", "data": {"path": "ex_16_invB.png", "shape": [1080, 1920, 3], "mean": 131.0222834683642, "sum": 815063421, "resized_to": [1920, 1080]}, "timestamp": 1789097372423}
{"sessionId": "d29637", "runId": "pre-fix", "hypothesisId": "E", "location": "visibility_experiment.py:_ensure_pair", "message": "png pixel diff", "data": {"normal": "ex_16_normalB.png", "inv": "ex_16_invB.png", "max_abs": 32, "mean_abs": 1.7836882716049383, "normal_tex": 6, "inv_tex": 7}, "timestamp": 1789097372495}
{"sessionId": "d29637", "runId": "pre-fix", "hypothesisId": "A", "location": "visibility_experiment.py:_present_frames", "message": "pair ids", "data": {"normal_tex": 6, "inv_tex": 7, "same_id": false, "n_frames": 300, "type_name": "tuple"}, "timestamp": 1789097373458}
{"sessionId": "d29637", "runId": "pre-fix", "hypothesisId": "D", "location": "visibility_experiment.py:_present_texture", "message": "after draw", "data": {"tex": 6, "glError": 0}, "timestamp": 1789097373458}
{"sessionId": "d29637", "runId": "pre-fix", "hypothesisId": "D", "location": "visibility_experiment.py:_present_texture", "message": "after draw", "data": {"tex": 7, "glError": 0}, "timestamp": 1789097373474}
{"sessionId": "d29637", "runId": "pre-fix", "hypothesisId": "D", "location": "visibility_experiment.py:_present_texture", "message": "after draw", "data": {"tex": 6, "glError": 0}, "timestamp": 1789097373491}
{"sessionId": "d29637", "runId": "pre-fix", "hypothesisId": "D", "location": "visibility_experiment.py:_present_texture", "message": "after draw", "data": {"tex": 7, "glError": 0}, "timestamp": 1789097373508}
{"sessionId": "d29637", "runId": "pre-fix", "hypothesisId": "C", "location": "visibility_experiment.py:_present_frames", "message": "stim finished", "data": {"first_choices": [{"f": 0, "tex": 6, "branch": "normal"}, {"f": 1, "tex": 7, "branch": "inv"}, {"f": 2, "tex": 6, "branch": "normal"}, {"f": 3, "tex": 7, "branch": "inv"}, {"f": 4, "tex": 6, "branch": "normal"}, {"f": 5, "tex": 7, "branch": "inv"}, {"f": 6, "tex": 6, "branch": "normal"}, {"f": 7, "tex": 7, "branch": "inv"}], "total_frames": 300, "wall_s": 4.983580300002359, "unique_tex_in_first8": [6, 7]}, "timestamp": 1789097378441}
{"sessionId": "d29637", "runId": "pre-fix", "hypothesisId": "E", "location": "visibility_experiment.py:load_texture_from_path", "message": "loaded png", "data": {"path": "hocho_12_normalB.png", "shape": [1080, 1920, 3], "mean": 82.95326019161523, "sum": 516035641, "resized_to": [1920, 1080]}, "timestamp": 1789097379709}
{"sessionId": "d29637", "runId": "pre-fix", "hypothesisId": "E", "location": "visibility_experiment.py:load_texture_from_path", "message": "loaded png", "data": {"path": "hocho_12_invB.png", "shape": [1080, 1920, 3], "mean": 84.29102639531892, "sum": 524357617, "resized_to": [1920, 1080]}, "timestamp": 1789097379743}
{"sessionId": "d29637", "runId": "pre-fix", "hypothesisId": "E", "location": "visibility_experiment.py:_ensure_pair", "message": "png pixel diff", "data": {"normal": "hocho_12_normalB.png", "inv": "hocho_12_invB.png", "max_abs": 24, "mean_abs": 1.3377662037037037, "normal_tex": 8, "inv_tex": 9}, "timestamp": 1789097379816}
{"sessionId": "d29637", "runId": "pre-fix", "hypothesisId": "A", "location": "visibility_experiment.py:_present_frames", "message": "pair ids", "data": {"normal_tex": 8, "inv_tex": 9, "same_id": false, "n_frames": 300, "type_name": "tuple"}, "timestamp": 1789097380775}
{"sessionId": "d29637", "runId": "pre-fix", "hypothesisId": "D", "location": "visibility_experiment.py:_present_texture", "message": "after draw", "data": {"tex": 8, "glError": 0}, "timestamp": 1789097380776}
{"sessionId": "d29637", "runId": "pre-fix", "hypothesisId": "D", "location": "visibility_experiment.py:_present_texture", "message": "after draw", "data": {"tex": 9, "glError": 0}, "timestamp": 1789097380792}
{"sessionId": "d29637", "runId": "pre-fix", "hypothesisId": "D", "location": "visibility_experiment.py:_present_texture", "message": "after draw", "data": {"tex": 8, "glError": 0}, "timestamp": 1789097380808}
{"sessionId": "d29637", "runId": "pre-fix", "hypothesisId": "D", "location": "visibility_experiment.py:_present_texture", "message": "after draw", "data": {"tex": 9, "glError": 0}, "timestamp": 1789097380825}
{"sessionId": "d29637", "runId": "pre-fix", "hypothesisId": "C", "location": "visibility_experiment.py:_present_frames", "message": "stim finished", "data": {"first_choices": [{"f": 0, "tex": 8, "branch": "normal"}, {"f": 1, "tex": 9, "branch": "inv"}, {"f": 2, "tex": 8, "branch": "normal"}, {"f": 3, "tex": 9, "branch": "inv"}, {"f": 4, "tex": 8, "branch": "normal"}, {"f": 5, "tex": 9, "branch": "inv"}, {"f": 6, "tex": 8, "branch": "normal"}, {"f": 7, "tex": 9, "branch": "inv"}], "total_frames": 300, "wall_s": 4.983490200014785, "unique_tex_in_first8": [8, 9]}, "timestamp": 1789097385758}
{"sessionId": "d29637", "runId": "pre-fix", "hypothesisId": "E", "location": "visibility_experiment.py:load_texture_from_path", "message": "loaded png", "data": {"path": "nagaoka_fireworks_16_normalR.png", "shape": [1080, 1920, 3], "mean": 73.37949588477366, "sum": 456479168, "resized_to": [1920, 1080]}, "timestamp": 1789097386869}
{"sessionId": "d29637", "runId": "pre-fix", "hypothesisId": "E", "location": "visibility_experiment.py:load_texture_from_path", "message": "loaded png", "data": {"path": "nagaoka_fireworks_16_invR.png", "shape": [1080, 1920, 3], "mean": 75.1631841563786, "sum": 467575136, "resized_to": [1920, 1080]}, "timestamp": 1789097386895}
{"sessionId": "d29637", "runId": "pre-fix", "hypothesisId": "E", "location": "visibility_experiment.py:_ensure_pair", "message": "png pixel diff", "data": {"normal": "nagaoka_fireworks_16_normalR.png", "inv": "nagaoka_fireworks_16_invR.png", "max_abs": 32, "mean_abs": 1.7836882716049383, "normal_tex": 10, "inv_tex": 11}, "timestamp": 1789097386955}
{"sessionId": "d29637", "runId": "pre-fix", "hypothesisId": "A", "location": "visibility_experiment.py:_present_frames", "message": "pair ids", "data": {"normal_tex": 10, "inv_tex": 11, "same_id": false, "n_frames": 300, "type_name": "tuple"}, "timestamp": 1789097387908}
{"sessionId": "d29637", "runId": "pre-fix", "hypothesisId": "D", "location": "visibility_experiment.py:_present_texture", "message": "after draw", "data": {"tex": 10, "glError": 0}, "timestamp": 1789097387909}
{"sessionId": "d29637", "runId": "pre-fix", "hypothesisId": "D", "location": "visibility_experiment.py:_present_texture", "message": "after draw", "data": {"tex": 11, "glError": 0}, "timestamp": 1789097387926}
{"sessionId": "d29637", "runId": "pre-fix", "hypothesisId": "D", "location": "visibility_experiment.py:_present_texture", "message": "after draw", "data": {"tex": 10, "glError": 0}, "timestamp": 1789097387942}
{"sessionId": "d29637", "runId": "pre-fix", "hypothesisId": "D", "location": "visibility_experiment.py:_present_texture", "message": "after draw", "data": {"tex": 11, "glError": 0}, "timestamp": 1789097387958}
{"sessionId": "d29637", "runId": "pre-fix", "hypothesisId": "C", "location": "visibility_experiment.py:_present_frames", "message": "stim finished", "data": {"first_choices": [{"f": 0, "tex": 10, "branch": "normal"}, {"f": 1, "tex": 11, "branch": "inv"}, {"f": 2, "tex": 10, "branch": "normal"}, {"f": 3, "tex": 11, "branch": "inv"}, {"f": 4, "tex": 10, "branch": "normal"}, {"f": 5, "tex": 11, "branch": "inv"}, {"f": 6, "tex": 10, "branch": "normal"}, {"f": 7, "tex": 11, "branch": "inv"}], "total_frames": 300, "wall_s": 4.983829300006619, "unique_tex_in_first8": [10, 11]}, "timestamp": 1789097392892}
{"sessionId": "d29637", "runId": "pre-fix", "hypothesisId": "E", "location": "visibility_experiment.py:load_texture_from_path", "message": "loaded png", "data": {"path": "nagaoka_fireworks_8_normalB.png", "shape": [1080, 1920, 3], "mean": 73.8254179526749, "sum": 459253160, "resized_to": [1920, 1080]}, "timestamp": 1789097393587}
{"sessionId": "d29637", "runId": "pre-fix", "hypothesisId": "E", "location": "visibility_experiment.py:load_texture_from_path", "message": "loaded png", "data": {"path": "nagaoka_fireworks_8_invB.png", "shape": [1080, 1920, 3], "mean": 74.71726208847737, "sum": 464801144, "resized_to": [1920, 1080]}, "timestamp": 1789097393614}
{"sessionId": "d29637", "runId": "pre-fix", "hypothesisId": "E", "location": "visibility_experiment.py:_ensure_pair", "message": "png pixel diff", "data": {"normal": "nagaoka_fireworks_8_normalB.png", "inv": "nagaoka_fireworks_8_invB.png", "max_abs": 16, "mean_abs": 0.8918441358024691, "normal_tex": 12, "inv_tex": 13}, "timestamp": 1789097393675}
{"sessionId": "d29637", "runId": "pre-fix", "hypothesisId": "A", "location": "visibility_experiment.py:_present_frames", "message": "pair ids", "data": {"normal_tex": 12, "inv_tex": 13, "same_id": false, "n_frames": 300, "type_name": "tuple"}, "timestamp": 1789097394643}
{"sessionId": "d29637", "runId": "pre-fix", "hypothesisId": "D", "location": "visibility_experiment.py:_present_texture", "message": "after draw", "data": {"tex": 12, "glError": 0}, "timestamp": 1789097394644}
{"sessionId": "d29637", "runId": "pre-fix", "hypothesisId": "D", "location": "visibility_experiment.py:_present_texture", "message": "after draw", "data": {"tex": 13, "glError": 0}, "timestamp": 1789097394660}
{"sessionId": "d29637", "runId": "pre-fix", "hypothesisId": "D", "location": "visibility_experiment.py:_present_texture", "message": "after draw", "data": {"tex": 12, "glError": 0}, "timestamp": 1789097394677}
{"sessionId": "d29637", "runId": "pre-fix", "hypothesisId": "D", "location": "visibility_experiment.py:_present_texture", "message": "after draw", "data": {"tex": 13, "glError": 0}, "timestamp": 1789097394693}
{"sessionId": "d29637", "runId": "pre-fix", "hypothesisId": "C", "location": "visibility_experiment.py:_present_frames", "message": "stim finished", "data": {"first_choices": [{"f": 0, "tex": 12, "branch": "normal"}, {"f": 1, "tex": 13, "branch": "inv"}, {"f": 2, "tex": 12, "branch": "normal"}, {"f": 3, "tex": 13, "branch": "inv"}, {"f": 4, "tex": 12, "branch": "normal"}, {"f": 5, "tex": 13, "branch": "inv"}, {"f": 6, "tex": 12, "branch": "normal"}, {"f": 7, "tex": 13, "branch": "inv"}], "total_frames": 300, "wall_s": 4.983282900007907, "unique_tex_in_first8": [12, 13]}, "timestamp": 1789097399626}
{"sessionId": "d29637", "runId": "pre-fix", "hypothesisId": "E", "location": "visibility_experiment.py:load_texture_from_path", "message": "loaded png", "data": {"path": "ex_8_normalR.png", "shape": [1080, 1920, 3], "mean": 129.68451726466049, "sum": 806741445, "resized_to": [1920, 1080]}, "timestamp": 1789097403175}
{"sessionId": "d29637", "runId": "pre-fix", "hypothesisId": "E", "location": "visibility_experiment.py:load_texture_from_path", "message": "loaded png", "data": {"path": "ex_8_invR.png", "shape": [1080, 1920, 3], "mean": 130.57636140046296, "sum": 812289429, "resized_to": [1920, 1080]}, "timestamp": 1789097403209}
{"sessionId": "d29637", "runId": "pre-fix", "hypothesisId": "E", "location": "visibility_experiment.py:_ensure_pair", "message": "png pixel diff", "data": {"normal": "ex_8_normalR.png", "inv": "ex_8_invR.png", "max_abs": 16, "mean_abs": 0.8918441358024691, "normal_tex": 14, "inv_tex": 15}, "timestamp": 1789097403283}
{"sessionId": "d29637", "runId": "pre-fix", "hypothesisId": "A", "location": "visibility_experiment.py:_present_frames", "message": "pair ids", "data": {"normal_tex": 14, "inv_tex": 15, "same_id": false, "n_frames": 300, "type_name": "tuple"}, "timestamp": 1789097404244}
{"sessionId": "d29637", "runId": "pre-fix", "hypothesisId": "D", "location": "visibility_experiment.py:_present_texture", "message": "after draw", "data": {"tex": 14, "glError": 0}, "timestamp": 1789097404245}
{"sessionId": "d29637", "runId": "pre-fix", "hypothesisId": "D", "location": "visibility_experiment.py:_present_texture", "message": "after draw", "data": {"tex": 15, "glError": 0}, "timestamp": 1789097404261}
{"sessionId": "d29637", "runId": "pre-fix", "hypothesisId": "D", "location": "visibility_experiment.py:_present_texture", "message": "after draw", "data": {"tex": 14, "glError": 0}, "timestamp": 1789097404277}
{"sessionId": "d29637", "runId": "pre-fix", "hypothesisId": "D", "location": "visibility_experiment.py:_present_texture", "message": "after draw", "data": {"tex": 15, "glError": 0}, "timestamp": 1789097404293}
{"sessionId": "d29637", "runId": "pre-fix", "hypothesisId": "C", "location": "visibility_experiment.py:_present_frames", "message": "stim finished", "data": {"first_choices": [{"f": 0, "tex": 14, "branch": "normal"}, {"f": 1, "tex": 15, "branch": "inv"}, {"f": 2, "tex": 14, "branch": "normal"}, {"f": 3, "tex": 15, "branch": "inv"}, {"f": 4, "tex": 14, "branch": "normal"}, {"f": 5, "tex": 15, "branch": "inv"}, {"f": 6, "tex": 14, "branch": "normal"}, {"f": 7, "tex": 15, "branch": "inv"}], "total_frames": 300, "wall_s": 4.982644100004109, "unique_tex_in_first8": [14, 15]}, "timestamp": 1789097409226}
{"sessionId": "d29637", "runId": "pre-fix", "hypothesisId": "E", "location": "visibility_experiment.py:load_texture_from_path", "message": "loaded png", "data": {"path": "ex_4_normalG.png", "shape": [1080, 1920, 3], "mean": 129.90747829861112, "sum": 808128441, "resized_to": [1920, 1080]}, "timestamp": 1789097411444}
{"sessionId": "d29637", "runId": "pre-fix", "hypothesisId": "E", "location": "visibility_experiment.py:load_texture_from_path", "message": "loaded png", "data": {"path": "ex_4_invG.png", "shape": [1080, 1920, 3], "mean": 130.35340036651235, "sum": 810902433, "resized_to": [1920, 1080]}, "timestamp": 1789097411478}
{"sessionId": "d29637", "runId": "pre-fix", "hypothesisId": "E", "location": "visibility_experiment.py:_ensure_pair", "message": "png pixel diff", "data": {"normal": "ex_4_normalG.png", "inv": "ex_4_invG.png", "max_abs": 8, "mean_abs": 0.44592206790123456, "normal_tex": 16, "inv_tex": 17}, "timestamp": 1789097411552}
{"sessionId": "d29637", "runId": "pre-fix", "hypothesisId": "A", "location": "visibility_experiment.py:_present_frames", "message": "pair ids", "data": {"normal_tex": 16, "inv_tex": 17, "same_id": false, "n_frames": 300, "type_name": "tuple"}, "timestamp": 1789097412511}
{"sessionId": "d29637", "runId": "pre-fix", "hypothesisId": "D", "location": "visibility_experiment.py:_present_texture", "message": "after draw", "data": {"tex": 16, "glError": 0}, "timestamp": 1789097412512}
{"sessionId": "d29637", "runId": "pre-fix", "hypothesisId": "D", "location": "visibility_experiment.py:_present_texture", "message": "after draw", "data": {"tex": 17, "glError": 0}, "timestamp": 1789097412528}
{"sessionId": "d29637", "runId": "pre-fix", "hypothesisId": "D", "location": "visibility_experiment.py:_present_texture", "message": "after draw", "data": {"tex": 16, "glError": 0}, "timestamp": 1789097412544}
{"sessionId": "d29637", "runId": "pre-fix", "hypothesisId": "D", "location": "visibility_experiment.py:_present_texture", "message": "after draw", "data": {"tex": 17, "glError": 0}, "timestamp": 1789097412561}
{"sessionId": "d29637", "runId": "pre-fix", "hypothesisId": "C", "location": "visibility_experiment.py:_present_frames", "message": "stim finished", "data": {"first_choices": [{"f": 0, "tex": 16, "branch": "normal"}, {"f": 1, "tex": 17, "branch": "inv"}, {"f": 2, "tex": 16, "branch": "normal"}, {"f": 3, "tex": 17, "branch": "inv"}, {"f": 4, "tex": 16, "branch": "normal"}, {"f": 5, "tex": 17, "branch": "inv"}, {"f": 6, "tex": 16, "branch": "normal"}, {"f": 7, "tex": 17, "branch": "inv"}], "total_frames": 300, "wall_s": 4.982423699984793, "unique_tex_in_first8": [16, 17]}, "timestamp": 1789097417493}
{"sessionId": "d29637", "runId": "pre-fix", "hypothesisId": "E", "location": "visibility_experiment.py:load_texture_from_path", "message": "loaded png", "data": {"path": "rice_4_normalG.png", "shape": [1080, 1920, 3], "mean": 134.56541763117283, "sum": 837104550, "resized_to": [1920, 1080]}, "timestamp": 1789097418377}
{"sessionId": "d29637", "runId": "pre-fix", "hypothesisId": "E", "location": "visibility_experiment.py:load_texture_from_path", "message": "loaded png", "data": {"path": "rice_4_invG.png", "shape": [1080, 1920, 3], "mean": 135.01133969907409, "sum": 839878542, "resized_to": [1920, 1080]}, "timestamp": 1789097418410}
{"sessionId": "d29637", "runId": "pre-fix", "hypothesisId": "E", "location": "visibility_experiment.py:_ensure_pair", "message": "png pixel diff", "data": {"normal": "rice_4_normalG.png", "inv": "rice_4_invG.png", "max_abs": 8, "mean_abs": 0.44592206790123456, "normal_tex": 18, "inv_tex": 19}, "timestamp": 1789097418484}
{"sessionId": "d29637", "runId": "pre-fix", "hypothesisId": "A", "location": "visibility_experiment.py:_present_frames", "message": "pair ids", "data": {"normal_tex": 18, "inv_tex": 19, "same_id": false, "n_frames": 300, "type_name": "tuple"}, "timestamp": 1789097419444}
{"sessionId": "d29637", "runId": "pre-fix", "hypothesisId": "D", "location": "visibility_experiment.py:_present_texture", "message": "after draw", "data": {"tex": 18, "glError": 0}, "timestamp": 1789097419445}
{"sessionId": "d29637", "runId": "pre-fix", "hypothesisId": "D", "location": "visibility_experiment.py:_present_texture", "message": "after draw", "data": {"tex": 19, "glError": 0}, "timestamp": 1789097419461}
{"sessionId": "d29637", "runId": "pre-fix", "hypothesisId": "D", "location": "visibility_experiment.py:_present_texture", "message": "after draw", "data": {"tex": 18, "glError": 0}, "timestamp": 1789097419478}
{"sessionId": "d29637", "runId": "pre-fix", "hypothesisId": "D", "location": "visibility_experiment.py:_present_texture", "message": "after draw", "data": {"tex": 19, "glError": 0}, "timestamp": 1789097419494}
{"sessionId": "d29637", "runId": "pre-fix", "hypothesisId": "C", "location": "visibility_experiment.py:_present_frames", "message": "stim finished", "data": {"first_choices": [{"f": 0, "tex": 18, "branch": "normal"}, {"f": 1, "tex": 19, "branch": "inv"}, {"f": 2, "tex": 18, "branch": "normal"}, {"f": 3, "tex": 19, "branch": "inv"}, {"f": 4, "tex": 18, "branch": "normal"}, {"f": 5, "tex": 19, "branch": "inv"}, {"f": 6, "tex": 18, "branch": "normal"}, {"f": 7, "tex": 19, "branch": "inv"}], "total_frames": 300, "wall_s": 4.983180300012464, "unique_tex_in_first8": [18, 19]}, "timestamp": 1789097424427}
{"sessionId": "d29637", "runId": "pre-fix", "hypothesisId": "E", "location": "visibility_experiment.py:load_texture_from_path", "message": "loaded png", "data": {"path": "hocho_16_normalB.png", "shape": [1080, 1920, 3], "mean": 82.7302991576646, "sum": 514648645, "resized_to": [1920, 1080]}, "timestamp": 1789097425445}
{"sessionId": "d29637", "runId": "pre-fix", "hypothesisId": "E", "location": "visibility_experiment.py:load_texture_from_path", "message": "loaded png", "data": {"path": "hocho_16_invB.png", "shape": [1080, 1920, 3], "mean": 84.51398742926955, "sum": 525744613, "resized_to": [1920, 1080]}, "timestamp": 1789097425479}
{"sessionId": "d29637", "runId": "pre-fix", "hypothesisId": "E", "location": "visibility_experiment.py:_ensure_pair", "message": "png pixel diff", "data": {"normal": "hocho_16_normalB.png", "inv": "hocho_16_invB.png", "max_abs": 32, "mean_abs": 1.7836882716049383, "normal_tex": 20, "inv_tex": 21}, "timestamp": 1789097425554}
{"sessionId": "d29637", "runId": "pre-fix", "hypothesisId": "A", "location": "visibility_experiment.py:_present_frames", "message": "pair ids", "data": {"normal_tex": 20, "inv_tex": 21, "same_id": false, "n_frames": 300, "type_name": "tuple"}, "timestamp": 1789097426511}
{"sessionId": "d29637", "runId": "pre-fix", "hypothesisId": "D", "location": "visibility_experiment.py:_present_texture", "message": "after draw", "data": {"tex": 20, "glError": 0}, "timestamp": 1789097426512}
{"sessionId": "d29637", "runId": "pre-fix", "hypothesisId": "D", "location": "visibility_experiment.py:_present_texture", "message": "after draw", "data": {"tex": 21, "glError": 0}, "timestamp": 1789097426528}
{"sessionId": "d29637", "runId": "pre-fix", "hypothesisId": "D", "location": "visibility_experiment.py:_present_texture", "message": "after draw", "data": {"tex": 20, "glError": 0}, "timestamp": 1789097426545}
{"sessionId": "d29637", "runId": "pre-fix", "hypothesisId": "D", "location": "visibility_experiment.py:_present_texture", "message": "after draw", "data": {"tex": 21, "glError": 0}, "timestamp": 1789097426561}
{"sessionId": "d29637", "runId": "pre-fix", "hypothesisId": "C", "location": "visibility_experiment.py:_present_frames", "message": "stim finished", "data": {"first_choices": [{"f": 0, "tex": 20, "branch": "normal"}, {"f": 1, "tex": 21, "branch": "inv"}, {"f": 2, "tex": 20, "branch": "normal"}, {"f": 3, "tex": 21, "branch": "inv"}, {"f": 4, "tex": 20, "branch": "normal"}, {"f": 5, "tex": 21, "branch": "inv"}, {"f": 6, "tex": 20, "branch": "normal"}, {"f": 7, "tex": 21, "branch": "inv"}], "total_frames": 300, "wall_s": 4.982673000020441, "unique_tex_in_first8": [20, 21]}, "timestamp": 1789097431494}
{"sessionId": "d29637", "runId": "pre-fix", "hypothesisId": "E", "location": "visibility_experiment.py:load_texture_from_path", "message": "loaded png", "data": {"path": "ex_12_normalG.png", "shape": [1080, 1920, 3], "mean": 129.46155623070987, "sum": 805354449, "resized_to": [1920, 1080]}, "timestamp": 1789097433328}
{"sessionId": "d29637", "runId": "pre-fix", "hypothesisId": "E", "location": "visibility_experiment.py:load_texture_from_path", "message": "loaded png", "data": {"path": "ex_12_invG.png", "shape": [1080, 1920, 3], "mean": 130.79932243441357, "sum": 813676425, "resized_to": [1920, 1080]}, "timestamp": 1789097433363}
{"sessionId": "d29637", "runId": "pre-fix", "hypothesisId": "E", "location": "visibility_experiment.py:_ensure_pair", "message": "png pixel diff", "data": {"normal": "ex_12_normalG.png", "inv": "ex_12_invG.png", "max_abs": 24, "mean_abs": 1.3377662037037037, "normal_tex": 22, "inv_tex": 23}, "timestamp": 1789097433436}
{"sessionId": "d29637", "runId": "pre-fix", "hypothesisId": "A", "location": "visibility_experiment.py:_present_frames", "message": "pair ids", "data": {"normal_tex": 22, "inv_tex": 23, "same_id": false, "n_frames": 300, "type_name": "tuple"}, "timestamp": 1789097434395}
{"sessionId": "d29637", "runId": "pre-fix", "hypothesisId": "D", "location": "visibility_experiment.py:_present_texture", "message": "after draw", "data": {"tex": 22, "glError": 0}, "timestamp": 1789097434396}
{"sessionId": "d29637", "runId": "pre-fix", "hypothesisId": "D", "location": "visibility_experiment.py:_present_texture", "message": "after draw", "data": {"tex": 23, "glError": 0}, "timestamp": 1789097434412}
{"sessionId": "d29637", "runId": "pre-fix", "hypothesisId": "D", "location": "visibility_experiment.py:_present_texture", "message": "after draw", "data": {"tex": 22, "glError": 0}, "timestamp": 1789097434428}
{"sessionId": "d29637", "runId": "pre-fix", "hypothesisId": "D", "location": "visibility_experiment.py:_present_texture", "message": "after draw", "data": {"tex": 23, "glError": 0}, "timestamp": 1789097434445}
{"sessionId": "d29637", "runId": "pre-fix", "hypothesisId": "C", "location": "visibility_experiment.py:_present_frames", "message": "stim finished", "data": {"first_choices": [{"f": 0, "tex": 22, "branch": "normal"}, {"f": 1, "tex": 23, "branch": "inv"}, {"f": 2, "tex": 22, "branch": "normal"}, {"f": 3, "tex": 23, "branch": "inv"}, {"f": 4, "tex": 22, "branch": "normal"}, {"f": 5, "tex": 23, "branch": "inv"}, {"f": 6, "tex": 22, "branch": "normal"}, {"f": 7, "tex": 23, "branch": "inv"}], "total_frames": 300, "wall_s": 4.9824216999986675, "unique_tex_in_first8": [22, 23]}, "timestamp": 1789097439378}
{"sessionId": "d29637", "runId": "pre-fix", "hypothesisId": "E", "location": "visibility_experiment.py:load_texture_from_path", "message": "loaded png", "data": {"path": "nagaoka_fireworks_4_normalR.png", "shape": [1080, 1920, 3], "mean": 74.04837898662551, "sum": 460640156, "resized_to": [1920, 1080]}, "timestamp": 1789097439838}
{"sessionId": "d29637", "runId": "pre-fix", "hypothesisId": "E", "location": "visibility_experiment.py:load_texture_from_path", "message": "loaded png", "data": {"path": "nagaoka_fireworks_4_invR.png", "shape": [1080, 1920, 3], "mean": 74.49430105452674, "sum": 463414148, "resized_to": [1920, 1080]}, "timestamp": 1789097439866}
{"sessionId": "d29637", "runId": "pre-fix", "hypothesisId": "E", "location": "visibility_experiment.py:_ensure_pair", "message": "png pixel diff", "data": {"normal": "nagaoka_fireworks_4_normalR.png", "inv": "nagaoka_fireworks_4_invR.png", "max_abs": 8, "mean_abs": 0.44592206790123456, "normal_tex": 24, "inv_tex": 25}, "timestamp": 1789097439925}
{"sessionId": "d29637", "runId": "pre-fix", "hypothesisId": "A", "location": "visibility_experiment.py:_present_frames", "message": "pair ids", "data": {"normal_tex": 24, "inv_tex": 25, "same_id": false, "n_frames": 300, "type_name": "tuple"}, "timestamp": 1789097440879}
{"sessionId": "d29637", "runId": "pre-fix", "hypothesisId": "D", "location": "visibility_experiment.py:_present_texture", "message": "after draw", "data": {"tex": 24, "glError": 0}, "timestamp": 1789097440880}
{"sessionId": "d29637", "runId": "pre-fix", "hypothesisId": "D", "location": "visibility_experiment.py:_present_texture", "message": "after draw", "data": {"tex": 25, "glError": 0}, "timestamp": 1789097440895}
{"sessionId": "d29637", "runId": "pre-fix", "hypothesisId": "D", "location": "visibility_experiment.py:_present_texture", "message": "after draw", "data": {"tex": 24, "glError": 0}, "timestamp": 1789097440912}
{"sessionId": "d29637", "runId": "pre-fix", "hypothesisId": "D", "location": "visibility_experiment.py:_present_texture", "message": "after draw", "data": {"tex": 25, "glError": 0}, "timestamp": 1789097440929}
{"sessionId": "d29637", "runId": "pre-fix", "hypothesisId": "C", "location": "visibility_experiment.py:_present_frames", "message": "stim finished", "data": {"first_choices": [{"f": 0, "tex": 24, "branch": "normal"}, {"f": 1, "tex": 25, "branch": "inv"}, {"f": 2, "tex": 24, "branch": "normal"}, {"f": 3, "tex": 25, "branch": "inv"}, {"f": 4, "tex": 24, "branch": "normal"}, {"f": 5, "tex": 25, "branch": "inv"}, {"f": 6, "tex": 24, "branch": "normal"}, {"f": 7, "tex": 25, "branch": "inv"}], "total_frames": 300, "wall_s": 4.983406799990917, "unique_tex_in_first8": [24, 25]}, "timestamp": 1789097445862}
{"sessionId": "d29637", "runId": "pre-fix", "hypothesisId": "E", "location": "visibility_experiment.py:load_texture_from_path", "message": "loaded png", "data": {"path": "nagaoka_fireworks_8_normalG.png", "shape": [1080, 1920, 3], "mean": 73.8254179526749, "sum": 459253160, "resized_to": [1920, 1080]}, "timestamp": 1789097454089}
{"sessionId": "d29637", "runId": "pre-fix", "hypothesisId": "E", "location": "visibility_experiment.py:load_texture_from_path", "message": "loaded png", "data": {"path": "nagaoka_fireworks_8_invG.png", "shape": [1080, 1920, 3], "mean": 74.71726208847737, "sum": 464801144, "resized_to": [1920, 1080]}, "timestamp": 1789097454116}
{"sessionId": "d29637", "runId": "pre-fix", "hypothesisId": "E", "location": "visibility_experiment.py:_ensure_pair", "message": "png pixel diff", "data": {"normal": "nagaoka_fireworks_8_normalG.png", "inv": "nagaoka_fireworks_8_invG.png", "max_abs": 16, "mean_abs": 0.8918441358024691, "normal_tex": 26, "inv_tex": 27}, "timestamp": 1789097454175}
{"sessionId": "d29637", "runId": "pre-fix", "hypothesisId": "A", "location": "visibility_experiment.py:_present_frames", "message": "pair ids", "data": {"normal_tex": 26, "inv_tex": 27, "same_id": false, "n_frames": 300, "type_name": "tuple"}, "timestamp": 1789097455129}
{"sessionId": "d29637", "runId": "pre-fix", "hypothesisId": "D", "location": "visibility_experiment.py:_present_texture", "message": "after draw", "data": {"tex": 26, "glError": 0}, "timestamp": 1789097455130}
{"sessionId": "d29637", "runId": "pre-fix", "hypothesisId": "D", "location": "visibility_experiment.py:_present_texture", "message": "after draw", "data": {"tex": 27, "glError": 0}, "timestamp": 1789097455146}
{"sessionId": "d29637", "runId": "pre-fix", "hypothesisId": "D", "location": "visibility_experiment.py:_present_texture", "message": "after draw", "data": {"tex": 26, "glError": 0}, "timestamp": 1789097455163}
{"sessionId": "d29637", "runId": "pre-fix", "hypothesisId": "D", "location": "visibility_experiment.py:_present_texture", "message": "after draw", "data": {"tex": 27, "glError": 0}, "timestamp": 1789097455180}
